emojiPanBg=chat_emojiPanelBackground
topBarBg=actionBarDefault
titleBg=windowBackgroundWhite
boxSearchBg=actionBarDefaultSearch
menuBg=chats_menuBackground
menuBgRipple=listSelectorSDK21
menuIconFg=chats_menuItemIcon
menuIconFgOver=chats_menuItemIcon
mainMenuBg=chats_menuBackground
mainMenuCoverBg=actionBarDefault
mainMenuCoverFg=actionBarDefaultTitle
windowBg=windowBackgroundWhite
windowFg=windowBackgroundWhiteBlackText
windowFgOver=windowBackgroundWhiteBlackText
windowSubTextFg=windowBackgroundWhiteGrayText2
windowSubTextFgOver=windowBackgroundWhiteGrayText2
windowBoldFg=windowBackgroundWhiteGrayText3
windowBoldFgOver=windowBackgroundWhiteGrayText3
windowBgRipple=listSelectorSDK21
windowBgActive=chats_actionBackground
windowBgOver=actionBarDefault
dialogsBg=chat_wallpaper
dialogsNameFg=chats_name
dialogsTextFg=chats_message
dialogsDateFg=chats_date
dialogsDraftFg=chats_draft
dialogsChatIconFg=chats_nameIcon
dialogsTextFgService=chats_nameMessage
dialogsSentIconFg=chats_sentCheck
dialogsSendingIconFg=chats_sentClock
dialogsVerifiedIconBg=chats_verifiedBackground
dialogsVerifiedIconFg=chats_verifiedCheck
dialogsUnreadFg=chats_unreadCounterText
dialogsUnreadBg=chats_unreadCounter
dialogsUnreadBgMuted=chats_unreadCounterMuted
dialogsBgOver=listSelectorSDK21
dialogsNameFgOver=chats_name
filterInputBorderFg=actionBarDefaultIcon
filterInputInactiveBg=actionBarDefaultIcon
inputBorderFg=windowBackgroundWhiteInputField
checkboxFg=checkbox
historyTextInFg=chat_messageTextIn
historyFileNameInFg=chat_inFileNameText
historyFileNameInFgSelected=chat_inFileInfoSelectedText
historyLinkInFg=chat_messageLinkIn
historySendingInIconFg=chat_inSentClock
historyTextOutFg=chat_messageTextOut
historyFileNameOutFg=chat_outFileNameText
historyFileNameOutFgSelected=chat_outFileInfoSelectedText
historyLinkOutFg=chat_messageLinkOut
historyOutIconFg=chat_outSentCheck
historyOutIconFgSelected=chat_outSentCheckSelected
historySendingOutIconFg=chat_outSentClock
historyIconFgInverted=chat_mediaSentCheck
historySendingInvertedIconFg=chat_mediaSentClock
historyUnreadBarFg=chat_unreadMessagesStartText
historyUnreadBarBg=chat_unreadMessagesStartBackground
historyPeer1UserpicBg=avatar_backgroundRed
historyPeer2UserpicBg=avatar_backgroundGreen
historyPeer3UserpicBg=avatar_backgroundOrange
historyPeer4UserpicBg=avatar_backgroundBlue
historyPeer5UserpicBg=avatar_backgroundViolet
historyPeer6UserpicBg=avatar_backgroundPink
historyPeer7UserpicBg=avatar_backgroundCyan
historyPeerUserpicFg=avatar_text
historyPeer1NameFg=avatar_nameInMessageRed
historyPeer2NameFg=avatar_nameInMessageGreen
historyPeer3NameFg=avatar_nameInMessageOrange
historyPeer4NameFg=avatar_nameInMessageBlue
historyPeer5NameFg=avatar_nameInMessageViolet
historyPeer6NameFg=avatar_nameInMessagePink
historyPeer7NameFg=avatar_nameInMessageCyan
historyToDownBg=chat_goDownButton
historyToDownBgOver=chat_goDownButton
historyToDownFg=chat_goDownButtonIcon
historyToDownFgOver=chat_goDownButtonIcon
historyToDownShadow=chat_goDownButtonShadow
msgInBg=chat_inBubble
msgInBgSelected=chat_inBubbleSelected
msgInShadow=chat_inBubbleShadow
msgInDateFg=chat_inTimeText
msgInDateFgSelected=chat_inTimeSelectedText
msgFileInBg=chat_inLoader
msgFileInBgOver=chat_outLoader
msgFileInBgSelected=chat_inLoaderSelected
msgInServiceFg=chat_inForwardedNameText
msgOutBg=chat_outBubble
msgOutBgSelected=chat_outBubbleSelected
msgOutShadow=chat_outBubbleShadow
msgOutDateFg=chat_outTimeText
msgOutDateFgSelected=chat_outTimeSelectedText
msgFileOutBg=chat_outLoader
msgFileOutBgOver=chat_outLoader
msgFileOutBgSelected=chat_outLoaderSelected
msgOutServiceFg=chat_outForwardedNameText
msgServiceFg=chat_serviceText
msgServiceBg=chat_serviceBackground
profileVerifiedCheckBg=profile_verifiedBackground
profileVerifiedCheckFg=profile_verifiedCheck
profileAdminStartFg=profile_adminIcon
trayCounterBg=chats_unreadCounter
trayCounterBgMute=chats_unreadCounterMuted
trayCounterFg=chats_unreadCounterText
notificationBg=windowBackgroundWhite
